// Jest Snapshot v1, https://goo.gl/fbAQLP

exports[`test with Login Screen should be match with snapshot 1`] = `
<div
  className="container mt-5"
>
  <h1>
    Login
  </h1>
  <hr />
  <button
    className="btn btn-outline-primary"
    onClick={[Function]}
  >
    Sign In
  </button>
</div>
`;
