// Jest Snapshot v1, https://goo.gl/fbAQLP

exports[`Tests for HerosApp should show correctly 1`] = `
<div>
  <div
    className="container mt-5"
  >
    <h1>
      Login
    </h1>
    <hr />
    <button
      className="btn btn-outline-primary"
      onClick={[Function]}
    >
      Sign In
    </button>
  </div>
</div>
`;
