// Jest Snapshot v1, https://goo.gl/fbAQLP

exports[`Unitary test for <MarvelScreen /> should be match with snapshot 1`] = `
<div>
  <h1>
    MARVEL SCREEN
  </h1>
  <hr />
  <HeroesList
    publisher="Marvel Comics"
  />
</div>
`;
